lib/hooks/useNotifications.ts(72,12): error TS2339: Property 'on' does not exist on type '{ socket: Socket<DefaultEventsMap, DefaultEventsMap> | null; isConnected: boolean; }'.
lib/hooks/useNotifications.ts(75,14): error TS2339: Property 'off' does not exist on type '{ socket: Socket<DefaultEventsMap, DefaultEventsMap> | null; isConnected: boolean; }'.
